src/app.module.ts(68,28): error TS2345: Argument of type 'string | undefined' is not assignable to parameter of type 'string'.
  Type 'undefined' is not assignable to type 'string'.
src/auth/auth.service.ts(74,13): error TS2322: Type 'Rol | null' is not assignable to type 'Rol'.
  Type 'null' is not assignable to type 'Rol'.
src/caja/caja.controller.ts(75,76): error TS1272: A type referenced in a decorated signature must be imported with 'import type' or a namespace import when 'isolatedModules' and 'emitDecoratorMetadata' are enabled.
src/payments-type/payments-type.module.ts(96,62): error TS2769: No overload matches this call.
  Overload 1 of 3, '(entityLikeArray: DeepPartial<CompPago>[]): CompPago[]', gave the following error.
    Object literal may only specify known properties, and 'condicion' does not exist in type 'DeepPartial<CompPago>[]'.
  Overload 2 of 3, '(entityLike: DeepPartial<CompPago>): CompPago', gave the following error.
    Argument of type '{ condicion: number; nombre: any; letra_serie: any; serie_comprobante: any; num_comprobante: string | null; }' is not assignable to parameter of type 'DeepPartial<CompPago>'.
      Type '{ condicion: number; nombre: any; letra_serie: any; serie_comprobante: any; num_comprobante: string | null; }' is not assignable to type '{ id_comp_pago?: number | undefined; nombre?: string | undefined; letra_serie?: string | undefined; serie_comprobante?: string | undefined; num_comprobante?: string | undefined; condicion?: number | undefined; }'.
        Types of property 'num_comprobante' are incompatible.
          Type 'string | null' is not assignable to type 'string | undefined'.
            Type 'null' is not assignable to type 'string | undefined'.
src/payments-type/payments-type.module.ts(97,69): error TS2345: Argument of type '{ nombre: any; letra_serie: any; serie_comprobante: any; num_comprobante: string | null; }' is not assignable to parameter of type '_QueryDeepPartialEntity<CompPago>'.
  Types of property 'num_comprobante' are incompatible.
    Type 'string | null' is not assignable to type 'string | (() => string) | undefined'.
      Type 'null' is not assignable to type 'string | (() => string) | undefined'.
src/quotations/quotations.controller.ts(42,55): error TS1272: A type referenced in a decorated signature must be imported with 'import type' or a namespace import when 'isolatedModules' and 'emitDecoratorMetadata' are enabled.
src/reports/reports.module.ts(134,75): error TS1272: A type referenced in a decorated signature must be imported with 'import type' or a namespace import when 'isolatedModules' and 'emitDecoratorMetadata' are enabled.
src/sales/sales.service.ts(206,17): error TS2769: No overload matches this call.
  Overload 2 of 2, '(entityClass: EntityTarget<Venta>, plainObjects?: DeepPartial<Venta>[] | undefined): Venta[]', gave the following error.
    Object literal may only specify known properties, and 'idcliente' does not exist in type 'DeepPartial<Venta>[]'.
src/templates/templates.controller.ts(59,64): error TS1272: A type referenced in a decorated signature must be imported with 'import type' or a namespace import when 'isolatedModules' and 'emitDecoratorMetadata' are enabled.
src/templates/templates.controller.ts(59,134): error TS1272: A type referenced in a decorated signature must be imported with 'import type' or a namespace import when 'isolatedModules' and 'emitDecoratorMetadata' are enabled.
src/templates/templates.controller.ts(71,60): error TS1272: A type referenced in a decorated signature must be imported with 'import type' or a namespace import when 'isolatedModules' and 'emitDecoratorMetadata' are enabled.
src/templates/templates.controller.ts(71,130): error TS1272: A type referenced in a decorated signature must be imported with 'import type' or a namespace import when 'isolatedModules' and 'emitDecoratorMetadata' are enabled.
src/templates/templates.controller.ts(86,21): error TS1272: A type referenced in a decorated signature must be imported with 'import type' or a namespace import when 'isolatedModules' and 'emitDecoratorMetadata' are enabled.
src/templates/templates.service.ts(290,25): error TS2322: Type '{ default: typeof import("C:/Users/user1/Desktop/PROYECTS/martin-rd/venzo/backend-venzo-v2/node_modules/puppeteer/lib/types"); connect: (options: ConnectOptions) => Promise<...>; ... 54 more ...; WebWorker: typeof WebWorker; }' is not assignable to type 'typeof import("C:/Users/user1/Desktop/PROYECTS/martin-rd/venzo/backend-venzo-v2/node_modules/puppeteer/lib/types")'.
  Types of property 'puppeteer' are incompatible.
    Type 'typeof import("C:/Users/user1/Desktop/PROYECTS/martin-rd/venzo/backend-venzo-v2/node_modules/puppeteer/lib/types")' is missing the following properties from type 'PuppeteerNode': #private, lastLaunchedBrowser, defaultBrowser, product
src/templates/templates.service.ts(297,29): error TS18047: 'puppeteer' is possibly 'null'.
src/users/users.service.ts(44,35): error TS2769: No overload matches this call.
  Overload 1 of 3, '(entityLikeArray: DeepPartial<Usuario>[]): Usuario[]', gave the following error.
    Object literal may only specify known properties, and 'clave' does not exist in type 'DeepPartial<Usuario>[]'.
  Overload 2 of 3, '(entityLike: DeepPartial<Usuario>): Usuario', gave the following error.
    Type 'string | null' is not assignable to type 'string | undefined'.
      Type 'null' is not assignable to type 'string | undefined'.
src/users/users.service.ts(113,38): error TS2307: Cannot find module '../entities/rol.entity' or its corresponding type declarations.
